<?xml version="1.0" encoding="UTF-8"?>
<testsuites name="jest tests" tests="1" failures="0" errors="0" time="1.334">
  <testsuite name="undefined" errors="0" failures="0" skipped="0" timestamp="2026-02-14T03:34:08" time="0.282" tests="1">
    <testcase classname=" adds 1 + 2 to equal 3" name=" adds 1 + 2 to equal 3" time="0.004">
    </testcase>
  </testsuite>
</testsuites>